<?xml version="1.0" encoding="utf-8"?><testsuites><testsuite name="pytest" errors="0" failures="0" skipped="0" tests="1" time="7.117" timestamp="2022-01-27T12:56:16.129962" hostname="jstansbur-Z14u6"><testcase classname="tests.test_cli" name="test_cli_template" time="0.002" /></testsuite></testsuites>